---
source: tests/reporting_json_envelope_snapshot.rs
expression: s
---
{
  "errorCount": 0,
  "findingCount": 1,
  "findings": [
    {
      "category": "security",
      "column": 5,
      "cwe": [],
      "file": "a.go",
      "fingerprint": "slopguard:1:CWE-89:a.go:12:5",
      "line": 12,
      "message": "user input is concatenated into the query",
      "rule_id": "CWE-89",
      "rule_title": "SQL injection",
      "severity": "high"
    }
  ],
  "schema": "https://json.schemastore.org/slopguard/v1",
  "suppressedCount": 0,
  "tool": "slopguard"
}
