---
source: tests/reporting_json_envelope.rs
assertion_line: 110
expression: s
---
{
  "errorCount": 0,
  "findingCount": 1,
  "findings": [
    {
      "category": "security",
      "column": 5,
      "cwe": [],
      "file": "a.go",
      "fingerprint": "codehound:2:CWE-89:a.go:4b3410b2aaa803c0",
      "line": 12,
      "message": "user input is concatenated into the query",
      "rule_id": "CWE-89",
      "rule_title": "SQL injection",
      "severity": "high"
    }
  ],
  "schema": "https://json.schemastore.org/codehound/v1",
  "suppressedCount": 0,
  "tool": "codehound"
}
